───────────────────────────────────────── Markdown 报告生成完成 — CN114512759B ─────────────────────────────────────────
  Top5: 4
  excluded: 2
  needs_manual_review: 4
  报告字符数: 10,162

✓ 最新副本: /Users/wangyc/Desktop/projects/PatentRadar/output/CN114512759B/final_report.md
✓ 历史副本: /Users/wangyc/Desktop/projects/PatentRadar/output/CN114512759B/runs/20260508_224222/final_report.md
───────────────────────────────────────── Markdown 报告生成完成 — CN114512759B ─────────────────────────────────────────
  Top5: 4
  excluded: 2
  needs_manual_review: 4
  报告字符数: 9,494

✓ 最新副本: /Users/wangyc/Desktop/projects/PatentRadar/output/CN114512759B/final_report.md
✓ 历史副本: /Users/wangyc/Desktop/projects/PatentRadar/output/CN114512759B/runs/20260508_224222/final_report.md
───────────────────────────────────────── Markdown 报告生成完成 — CN114512759B ─────────────────────────────────────────
  Top5: 4
  excluded: 2
  needs_manual_review: 4
  报告字符数: 9,532

✓ 最新副本: /Users/wangyc/Desktop/projects/PatentRadar/output/CN114512759B/final_report.md
✓ 历史副本: /Users/wangyc/Desktop/projects/PatentRadar/output/CN114512759B/runs/20260508_224222/final_report.md
───────────────────────────────────────── Markdown 报告生成完成 — CN114512759B ─────────────────────────────────────────
  Top5: 5
  excluded: 0
  needs_manual_review: 5
  报告字符数: 10,238

✓ 最新副本: /Users/wangyc/Desktop/projects/PatentRadar/output/CN114512759B/final_report.md
✓ 历史副本: /Users/wangyc/Desktop/projects/PatentRadar/output/CN114512759B/runs/20260508_224222/final_report.md
───────────────────────────────────────── Markdown 报告生成完成 — CN114512759B ─────────────────────────────────────────
  Top5: 5
  excluded: 0
  needs_manual_review: 4
  报告字符数: 10,034

✓ 最新副本: /Users/wangyc/Desktop/projects/PatentRadar/output/CN114512759B/final_report.md
✓ 历史副本: /Users/wangyc/Desktop/projects/PatentRadar/output/CN114512759B/runs/20260508_224222/final_report.md
